// Jest Snapshot v1, https://goo.gl/fbAQLP

exports[`FOPaperRow should match snapshot 1`] = `
<div>
  <div
    class="MuiPaper-root MuiPaper-elevation MuiPaper-rounded MuiPaper-elevation1 flex-paper-2 css-1ps6pg7-MuiPaper-root"
  >
    <div
      class="MuiGrid-root MuiGrid-container MuiGrid-spacing-xs-2 MuiGrid-wrap-xs-nowrap css-xgstj9-MuiGrid-root"
    >
      <div
        class="MuiGrid-root MuiGrid-container MuiGrid-item MuiGrid-spacing-xs-3 MuiGrid-wrap-xs-nowrap MuiGrid-grid-xs-true css-mo67vd-MuiGrid-root"
      >
        <div
          class="MuiGrid-root MuiGrid-item css-13i4rnv-MuiGrid-root"
        >
          <div
            class="MuiBox-root css-19idom"
          >
            <span
              class="MuiTypography-root MuiTypography-overline css-1hbyad5-MuiTypography-root"
              data-testid="typography-paper-row-item-title"
            >
              Title
            </span>
          </div>
          <p
            class="MuiTypography-root MuiTypography-body1 css-ahj2mt-MuiTypography-root"
            data-testid="typography-paper-row-item-children"
          >
            Description
          </p>
        </div>
      </div>
    </div>
  </div>
</div>
`;
