// Jest Snapshot v1, https://goo.gl/fbAQLP

exports[`FASwitch should match snapshot 1`] = `
<div>
  <span
    class="MuiSwitch-root MuiSwitch-sizeMedium css-julti5-MuiSwitch-root"
  >
    <span
      class="MuiSwitch-switchBase MuiSwitch-colorPrimary MuiButtonBase-root MuiSwitch-switchBase MuiSwitch-colorPrimary PrivateSwitchBase-root css-5ryogn-MuiButtonBase-root-MuiSwitch-switchBase"
      data-testid="switch-example"
    >
      <input
        class="MuiSwitch-input PrivateSwitchBase-input css-1m9pwf3"
        type="checkbox"
      />
      <span
        class="MuiSwitch-thumb css-jsexje-MuiSwitch-thumb"
      />
      <span
        class="MuiTouchRipple-root css-8je8zh-MuiTouchRipple-root"
      />
    </span>
    <span
      class="MuiSwitch-track css-1yjjitx-MuiSwitch-track"
    />
  </span>
</div>
`;
