// Jest Snapshot v1, https://goo.gl/fbAQLP

exports[`FMLabelValue should match snapshot 1`] = `
<div>
  <div
    class="MuiBox-root css-1qm1lh"
    data-testid="label-value-test"
  >
    <p
      class="MuiTypography-root MuiTypography-captionSemiBold MuiTypography-paragraph css-1uzr7kb-MuiTypography-root"
      data-testid="typography-label"
    >
      Title
    </p>
    <p
      class="MuiTypography-root MuiTypography-body2 css-e784if-MuiTypography-root"
      data-testid="typography-test"
    >
      value
    </p>
  </div>
</div>
`;
