// Jest Snapshot v1, https://goo.gl/fbAQLP

exports[`FMLabelValue should match snapshot 1`] = `
<div>
  <div
    class="MuiBox-root css-1qm1lh"
  >
    <span
      class="MuiTypography-root MuiTypography-caption css-16i3ewp-MuiTypography-root"
      data-testid="typography-label"
    >
      Title
    </span>
    <p
      class="MuiTypography-root MuiTypography-body2 css-e784if-MuiTypography-root"
      data-testid="typography-value"
    >
      value
    </p>
  </div>
</div>
`;
