// Jest Snapshot v1, https://goo.gl/fbAQLP

exports[`FAChip should match snapshot 1`] = `
<div>
  <div
    class="MuiChip-root MuiChip-filled MuiChip-sizeMedium MuiChip-colorDefault MuiChip-filledDefault css-1iz24ed-MuiChip-root"
    data-testid="chip-example"
  >
    <span
      class="MuiChip-label MuiChip-labelMedium css-6od3lo-MuiChip-label"
    />
  </div>
</div>
`;
