// Jest Snapshot v1, https://goo.gl/fbAQLP

exports[`ButtonPegasus should match snapshot 1`] = `
<div>
  <button
    class="MuiButton-root MuiButton-text MuiButton-textPrimary MuiButton-sizeMedium MuiButton-textSizeMedium MuiButtonBase-root  css-1e6y48t-MuiButtonBase-root-MuiButton-root"
    data-testid="button-example"
    tabindex="0"
    type="button"
  >
    Test
    <span
      class="MuiTouchRipple-root css-8je8zh-MuiTouchRipple-root"
    />
  </button>
</div>
`;
